ooc-file without suite config but with out document
